../Core/Inc/model.h:158:13:minmax_scale_clf	24	static
../Core/Inc/model.h:166:13:robust_scale	32	static
../Core/Inc/model.h:172:13:log10_array	40	static
../Core/Inc/model.h:183:13:rf_tree_0	96	static
../Core/Inc/model.h:343:13:rf_tree_1	128	static
../Core/Inc/model.h:559:13:rf_tree_2	120	static
../Core/Inc/model.h:759:13:rf_tree_3	104	static
../Core/Inc/model.h:927:13:rf_tree_4	112	static
../Core/Inc/model.h:1111:13:rf_tree_5	104	static
../Core/Inc/model.h:1279:13:rf_tree_6	112	static
../Core/Inc/model.h:1471:13:rf_tree_7	96	static
../Core/Inc/model.h:1631:13:rf_tree_8	120	static
../Core/Inc/model.h:1831:13:rf_tree_9	104	static
../Core/Inc/model.h:1999:13:rf_tree_10	104	static
../Core/Inc/model.h:2175:13:rf_tree_11	112	static
../Core/Inc/model.h:2359:13:rf_tree_12	104	static
../Core/Inc/model.h:2527:13:rf_tree_13	104	static
../Core/Inc/model.h:2703:13:rf_tree_14	120	static
../Core/Inc/model.h:2911:13:rf_tree_15	112	static
../Core/Inc/model.h:3095:13:rf_tree_16	120	static
../Core/Inc/model.h:3295:13:rf_tree_17	96	static
../Core/Inc/model.h:3447:13:rf_tree_18	104	static
../Core/Inc/model.h:3623:13:rf_tree_19	120	static
../Core/Inc/model.h:3831:13:rf_tree_20	104	static
../Core/Inc/model.h:3999:13:rf_tree_21	120	static
../Core/Inc/model.h:4207:13:rf_tree_22	104	static
../Core/Inc/model.h:4383:13:rf_tree_23	96	static
../Core/Inc/model.h:4543:13:rf_tree_24	104	static
../Core/Inc/model.h:4711:13:rf_tree_25	120	static
../Core/Inc/model.h:4911:13:rf_tree_26	104	static
../Core/Inc/model.h:5079:13:rf_tree_27	112	static
../Core/Inc/model.h:5263:13:rf_tree_28	128	static
../Core/Inc/model.h:5479:13:rf_tree_29	112	static
../Core/Inc/model.h:5663:13:rf_tree_30	112	static
../Core/Inc/model.h:5847:13:rf_tree_31	112	static
../Core/Inc/model.h:6031:13:rf_tree_32	104	static
../Core/Inc/model.h:6207:13:rf_tree_33	120	static
../Core/Inc/model.h:6415:13:rf_tree_34	128	static
../Core/Inc/model.h:6631:13:rf_tree_35	104	static
../Core/Inc/model.h:6807:13:rf_tree_36	104	static
../Core/Inc/model.h:6983:13:rf_tree_37	120	static
../Core/Inc/model.h:7191:13:rf_tree_38	112	static
../Core/Inc/model.h:7375:13:rf_tree_39	104	static
../Core/Inc/model.h:7543:13:rf_tree_40	112	static
../Core/Inc/model.h:7735:13:rf_tree_41	104	static
../Core/Inc/model.h:7911:13:rf_tree_42	96	static
../Core/Inc/model.h:8071:13:rf_tree_43	112	static
../Core/Inc/model.h:8255:13:rf_tree_44	128	static
../Core/Inc/model.h:8471:13:rf_tree_45	112	static
../Core/Inc/model.h:8655:13:rf_tree_46	104	static
../Core/Inc/model.h:8823:13:rf_tree_47	104	static
../Core/Inc/model.h:8999:13:rf_tree_48	112	static
../Core/Inc/model.h:9183:13:rf_tree_49	104	static
../Core/Inc/model.h:9359:13:rf_tree_50	104	static
../Core/Inc/model.h:9535:13:rf_tree_51	104	static
../Core/Inc/model.h:9703:13:rf_tree_52	96	static
../Core/Inc/model.h:9855:13:rf_tree_53	96	static
../Core/Inc/model.h:10015:13:rf_tree_54	120	static
../Core/Inc/model.h:10215:13:rf_tree_55	96	static
../Core/Inc/model.h:10367:13:rf_tree_56	120	static
../Core/Inc/model.h:10575:13:rf_tree_57	120	static
../Core/Inc/model.h:10775:13:rf_tree_58	104	static
../Core/Inc/model.h:10951:13:rf_tree_59	112	static
../Core/Inc/model.h:11135:13:rf_tree_60	128	static
../Core/Inc/model.h:11351:13:rf_tree_61	120	static
../Core/Inc/model.h:11551:13:rf_tree_62	104	static
../Core/Inc/model.h:11727:13:rf_tree_63	104	static
../Core/Inc/model.h:11895:13:rf_tree_64	112	static
../Core/Inc/model.h:12087:13:rf_tree_65	120	static
../Core/Inc/model.h:12295:13:rf_tree_66	112	static
../Core/Inc/model.h:12487:13:rf_tree_67	128	static
../Core/Inc/model.h:12703:13:rf_tree_68	112	static
../Core/Inc/model.h:12887:13:rf_tree_69	128	static
../Core/Inc/model.h:13103:13:rf_tree_70	96	static
../Core/Inc/model.h:13263:13:rf_tree_71	112	static
../Core/Inc/model.h:13455:13:rf_tree_72	104	static
../Core/Inc/model.h:13631:13:rf_tree_73	112	static
../Core/Inc/model.h:13815:13:rf_tree_74	112	static
../Core/Inc/model.h:13999:13:rf_tree_75	96	static
../Core/Inc/model.h:14151:13:rf_tree_76	128	static
../Core/Inc/model.h:14367:13:rf_tree_77	112	static
../Core/Inc/model.h:14559:13:rf_tree_78	120	static
../Core/Inc/model.h:14759:13:rf_tree_79	120	static
../Core/Inc/model.h:14959:13:rf_tree_80	104	static
../Core/Inc/model.h:15135:13:rf_tree_81	104	static
../Core/Inc/model.h:15311:13:rf_tree_82	120	static
../Core/Inc/model.h:15511:13:rf_tree_83	104	static
../Core/Inc/model.h:15679:13:rf_tree_84	104	static
../Core/Inc/model.h:15847:13:rf_tree_85	104	static
../Core/Inc/model.h:16023:13:rf_tree_86	120	static
../Core/Inc/model.h:16223:13:rf_tree_87	112	static
../Core/Inc/model.h:16407:13:rf_tree_88	112	static
../Core/Inc/model.h:16591:13:rf_tree_89	96	static
../Core/Inc/model.h:16743:13:rf_tree_90	120	static
../Core/Inc/model.h:16943:13:rf_tree_91	104	static
../Core/Inc/model.h:17119:13:rf_tree_92	104	static
../Core/Inc/model.h:17287:13:rf_tree_93	112	static
../Core/Inc/model.h:17471:13:rf_tree_94	120	static
../Core/Inc/model.h:17679:13:rf_tree_95	96	static
../Core/Inc/model.h:17839:13:rf_tree_96	112	static
../Core/Inc/model.h:18031:13:rf_tree_97	112	static
../Core/Inc/model.h:18223:13:rf_tree_98	112	static
../Core/Inc/model.h:18407:13:rf_tree_99	104	static
../Core/Inc/model.h:18690:12:rf_predict	80	static
../Core/Inc/model.h:18714:13:conv1d_pad1	56	static
../Core/Inc/model.h:18734:13:batchnorm1d_relu	64	static
../Core/Inc/model.h:18747:13:maxpool1d_k2	48	static
../Core/Inc/model.h:18758:13:linear_layer	40	static
../Core/Inc/model.h:19354:13:cnn_forward_Resistor	1448	static
../Core/Inc/model.h:19965:13:cnn_forward_Capacitor	1448	static
../Core/Inc/model.h:20580:13:cnn_forward_Series_RC	1448	static
../Core/Inc/model.h:21195:13:cnn_forward_Parallel_RC	1448	static
../Core/Inc/model.h:21235:24:predict_configuration	424	static
../Core/Src/main.c:39:6:serialPrint	16	static
../Core/Src/main.c:132:5:main	1920	static
../Core/Src/main.c:568:6:SystemClock_Config	120	static
../Core/Src/main.c:627:6:PeriphCommonClock_Config	200	static
../Core/Src/main.c:650:6:HAL_ADC_ConvCpltCallback	16	static
../Core/Src/main.c:655:6:HAL_GPIO_EXTI_Callback	24	static
../Core/Src/main.c:677:6:Error_Handler	4	static,ignoring_inline_asm
