../Core/Inc/model.h:158:13:minmax_scale_clf	3
../Core/Inc/model.h:166:13:robust_scale	3
../Core/Inc/model.h:172:13:log10_array	2
../Core/Inc/model.h:183:13:rf_tree_0	40
../Core/Inc/model.h:343:13:rf_tree_1	54
../Core/Inc/model.h:559:13:rf_tree_2	50
../Core/Inc/model.h:759:13:rf_tree_3	42
../Core/Inc/model.h:927:13:rf_tree_4	46
../Core/Inc/model.h:1111:13:rf_tree_5	42
../Core/Inc/model.h:1279:13:rf_tree_6	48
../Core/Inc/model.h:1471:13:rf_tree_7	40
../Core/Inc/model.h:1631:13:rf_tree_8	50
../Core/Inc/model.h:1831:13:rf_tree_9	42
../Core/Inc/model.h:1999:13:rf_tree_10	44
../Core/Inc/model.h:2175:13:rf_tree_11	46
../Core/Inc/model.h:2359:13:rf_tree_12	42
../Core/Inc/model.h:2527:13:rf_tree_13	44
../Core/Inc/model.h:2703:13:rf_tree_14	52
../Core/Inc/model.h:2911:13:rf_tree_15	46
../Core/Inc/model.h:3095:13:rf_tree_16	50
../Core/Inc/model.h:3295:13:rf_tree_17	38
../Core/Inc/model.h:3447:13:rf_tree_18	44
../Core/Inc/model.h:3623:13:rf_tree_19	52
../Core/Inc/model.h:3831:13:rf_tree_20	42
../Core/Inc/model.h:3999:13:rf_tree_21	52
../Core/Inc/model.h:4207:13:rf_tree_22	44
../Core/Inc/model.h:4383:13:rf_tree_23	40
../Core/Inc/model.h:4543:13:rf_tree_24	42
../Core/Inc/model.h:4711:13:rf_tree_25	50
../Core/Inc/model.h:4911:13:rf_tree_26	42
../Core/Inc/model.h:5079:13:rf_tree_27	46
../Core/Inc/model.h:5263:13:rf_tree_28	54
../Core/Inc/model.h:5479:13:rf_tree_29	46
../Core/Inc/model.h:5663:13:rf_tree_30	46
../Core/Inc/model.h:5847:13:rf_tree_31	46
../Core/Inc/model.h:6031:13:rf_tree_32	44
../Core/Inc/model.h:6207:13:rf_tree_33	52
../Core/Inc/model.h:6415:13:rf_tree_34	54
../Core/Inc/model.h:6631:13:rf_tree_35	44
../Core/Inc/model.h:6807:13:rf_tree_36	44
../Core/Inc/model.h:6983:13:rf_tree_37	52
../Core/Inc/model.h:7191:13:rf_tree_38	46
../Core/Inc/model.h:7375:13:rf_tree_39	42
../Core/Inc/model.h:7543:13:rf_tree_40	48
../Core/Inc/model.h:7735:13:rf_tree_41	44
../Core/Inc/model.h:7911:13:rf_tree_42	40
../Core/Inc/model.h:8071:13:rf_tree_43	46
../Core/Inc/model.h:8255:13:rf_tree_44	54
../Core/Inc/model.h:8471:13:rf_tree_45	46
../Core/Inc/model.h:8655:13:rf_tree_46	42
../Core/Inc/model.h:8823:13:rf_tree_47	44
../Core/Inc/model.h:8999:13:rf_tree_48	46
../Core/Inc/model.h:9183:13:rf_tree_49	44
../Core/Inc/model.h:9359:13:rf_tree_50	44
../Core/Inc/model.h:9535:13:rf_tree_51	42
../Core/Inc/model.h:9703:13:rf_tree_52	38
../Core/Inc/model.h:9855:13:rf_tree_53	40
../Core/Inc/model.h:10015:13:rf_tree_54	50
../Core/Inc/model.h:10215:13:rf_tree_55	38
../Core/Inc/model.h:10367:13:rf_tree_56	52
../Core/Inc/model.h:10575:13:rf_tree_57	50
../Core/Inc/model.h:10775:13:rf_tree_58	44
../Core/Inc/model.h:10951:13:rf_tree_59	46
../Core/Inc/model.h:11135:13:rf_tree_60	54
../Core/Inc/model.h:11351:13:rf_tree_61	50
../Core/Inc/model.h:11551:13:rf_tree_62	44
../Core/Inc/model.h:11727:13:rf_tree_63	42
../Core/Inc/model.h:11895:13:rf_tree_64	48
../Core/Inc/model.h:12087:13:rf_tree_65	52
../Core/Inc/model.h:12295:13:rf_tree_66	48
../Core/Inc/model.h:12487:13:rf_tree_67	54
../Core/Inc/model.h:12703:13:rf_tree_68	46
../Core/Inc/model.h:12887:13:rf_tree_69	54
../Core/Inc/model.h:13103:13:rf_tree_70	40
../Core/Inc/model.h:13263:13:rf_tree_71	48
../Core/Inc/model.h:13455:13:rf_tree_72	44
../Core/Inc/model.h:13631:13:rf_tree_73	46
../Core/Inc/model.h:13815:13:rf_tree_74	46
../Core/Inc/model.h:13999:13:rf_tree_75	38
../Core/Inc/model.h:14151:13:rf_tree_76	54
../Core/Inc/model.h:14367:13:rf_tree_77	48
../Core/Inc/model.h:14559:13:rf_tree_78	50
../Core/Inc/model.h:14759:13:rf_tree_79	50
../Core/Inc/model.h:14959:13:rf_tree_80	44
../Core/Inc/model.h:15135:13:rf_tree_81	44
../Core/Inc/model.h:15311:13:rf_tree_82	50
../Core/Inc/model.h:15511:13:rf_tree_83	42
../Core/Inc/model.h:15679:13:rf_tree_84	42
../Core/Inc/model.h:15847:13:rf_tree_85	44
../Core/Inc/model.h:16023:13:rf_tree_86	50
../Core/Inc/model.h:16223:13:rf_tree_87	46
../Core/Inc/model.h:16407:13:rf_tree_88	46
../Core/Inc/model.h:16591:13:rf_tree_89	38
../Core/Inc/model.h:16743:13:rf_tree_90	50
../Core/Inc/model.h:16943:13:rf_tree_91	44
../Core/Inc/model.h:17119:13:rf_tree_92	42
../Core/Inc/model.h:17287:13:rf_tree_93	46
../Core/Inc/model.h:17471:13:rf_tree_94	52
../Core/Inc/model.h:17679:13:rf_tree_95	40
../Core/Inc/model.h:17839:13:rf_tree_96	48
../Core/Inc/model.h:18031:13:rf_tree_97	48
../Core/Inc/model.h:18223:13:rf_tree_98	46
../Core/Inc/model.h:18407:13:rf_tree_99	44
../Core/Inc/model.h:18690:12:rf_predict	7
../Core/Inc/model.h:18714:13:conv1d_pad1	7
../Core/Inc/model.h:18734:13:batchnorm1d_relu	4
../Core/Inc/model.h:18747:13:maxpool1d_k2	5
../Core/Inc/model.h:18758:13:linear_layer	5
../Core/Inc/model.h:19354:13:cnn_forward_Resistor	2
../Core/Inc/model.h:19965:13:cnn_forward_Capacitor	2
../Core/Inc/model.h:20580:13:cnn_forward_Series_RC	2
../Core/Inc/model.h:21195:13:cnn_forward_Parallel_RC	2
../Core/Inc/model.h:21235:24:predict_configuration	6
../Core/Src/main.c:39:6:serialPrint	1
../Core/Src/main.c:132:5:main	17
../Core/Src/main.c:568:6:SystemClock_Config	4
../Core/Src/main.c:627:6:PeriphCommonClock_Config	2
../Core/Src/main.c:650:6:HAL_ADC_ConvCpltCallback	1
../Core/Src/main.c:655:6:HAL_GPIO_EXTI_Callback	3
../Core/Src/main.c:677:6:Error_Handler	1
